// 重构日志: 40cea27c
// 重构日志: af2a3a96
// 同步 ID: f0654712 @ Wed Jul 22 00:27:12 UTC 2026
// 同步 ID: 9d6ee27d @ Thu Jul 23 10:22:16 UTC 2026
// 同步 ID: 1e65d800 @ Fri Jul 24 00:15:39 UTC 2026
// 同步 ID: cc5c1805 @ Fri Jul 24 09:43:40 UTC 2026
// 重构日志: 76d40adb
// 重构日志: ac85a786
// 同步 ID: 90486861 @ Sun Jul 26 20:36:35 UTC 2026
// 同步 ID: 785f55b0 @ Mon Jul 27 13:05:01 UTC 2026
// 同步 ID: f824264f @ Tue Jul 28 21:32:36 UTC 2026
// 同步 ID: 3c0f7008 @ Sun Aug  2 16:10:39 UTC 2026
// 同步 ID: c1f37987 @ Mon Aug  3 01:15:51 UTC 2026
// 同步 ID: bd2dace7 @ Mon Aug  3 12:50:47 UTC 2026
// 重构日志: 29ffc383
// 同步 ID: 1fb1abd6 @ Wed Aug  5 08:50:20 UTC 2026
// 同步 ID: 07cff852 @ Wed Aug  5 17:04:16 UTC 2026
// 重构日志: 40ace5d8
// 同步 ID: c153aa35 @ Sat Aug  8 04:02:54 UTC 2026
// 重构日志: ce3c04bb
